[mobicare.co.za/Default.html]
[backblue.gif]
[fade.gif]
[index.html]
[mobicare.co.za/WebModules/Common/js/jq.js]
[mobicare.co.za/WebModules/Common/css/FontAwesome/5.12.1/js/kenesis-kit.js]
[mobicare.co.za/WebModules/Common/css/fancybox25bd.css]
[mobicare.co.za/WebModules/Website-Resources/Css/Responsive-custom25bd.css]
[mobicare.co.za/WebModules/PageManager/LayoutManager/Layouts/Transpire/Home-Responsive-Mobile25bd.css]
[mobicare.co.za/WebModules/PageManager/LayoutManager/Layouts/Transpire/Home-Page25bd.css]
[mobicare.co.za/_WebModuleData/SiteBuilder/CurrentLayout/theme25bd.css]
[mobicare.co.za/_webmoduledata/favicon.ico]
[mobicare.co.za/_webmoduledata/videos/loaders/200w (3.html]
[mobicare.co.za/WebModules/loginmanager/onsite/js/login.js]
[mobicare.co.za/index.html]
[mobicare.co.za/_WebmoduleData/Images/used/_CompanyLogo.png]
[mobicare.co.za/Pages/Medical.html]
[mobicare.co.za/Pages/About.html]
[mobicare.co.za/Pages/Services.html]
[mobicare.co.za/Pages/Contact.html]
[mobicare.co.za/_Webmoduledata/Images/Thumb/R.jpg]
[mobicare.co.za/_Webmoduledata/Images/Thumb/medicalnew.png]
[mobicare.co.za/_Webmoduledata/Images/Thumb/suppliesnew.png]
[mobicare.co.za/_Webmoduledata/Images/Thumb/ppenew.png]
[mobicare.co.za/WebModules/Common/js/cookie.js]
[mobicare.co.za/WebModules/Website-Resources/js/siteloaders25bd.js]
[mobicare.co.za/WebModules/Website-Resources/css/TheLoaders25bd.css]
[mobicare.co.za/Webmodules/common/js/lazyload.js]
[mobicare.co.za/webmodules/common/fonts/bauhaus/BauhausRegular.ttf]
[mobicare.co.za/webmodules/common/fonts/bauhaus/BauhausBold.ttf]
[mobicare.co.za/webmodules/common/fonts/bauhaus/BauhausBoldItalic.ttf]
[mobicare.co.za/webmodules/common/fonts/bauhaus/BauhausItalic.ttf]
[mobicare.co.za/webmodules/common/fonts/marons/Marons.ttf]
[mobicare.co.za/webmodules/common/fonts/mistral/MISTRAL.TTF]
[mobicare.co.za/webmodules/common/fonts/Centura Round Black/Centura Round Black.ttf]
[mobicare.co.za/webmodules/common/fonts/Century Gothic/CenturyGothic.ttf]
[mobicare.co.za/webmodules/common/fonts/Century Gothic/gothicb.ttf]
[mobicare.co.za/webmodules/common/fonts/Abeatbykai/ABEAKRGd41d.eot]
[mobicare.co.za/webmodules/common/fonts/Abeatbykai/ABEAKRG.ttf]
[mobicare.co.za/webmodules/common/fonts/robotoslab/Robotoslab-Regulard41d.eot]
[mobicare.co.za/webmodules/common/fonts/robotoslab/Robotoslab-Regular.ttf]
[mobicare.co.za/webmodules/common/fonts/lato/lato-Regulard41d.eot]
[mobicare.co.za/webmodules/common/fonts/lato/lato-Regular.ttf]
[mobicare.co.za/webmodules/common/fonts/BadScript/BadScript-Regulard41d.eot]
[mobicare.co.za/webmodules/common/fonts/BadScript/BadScript-Regular.ttf]
[mobicare.co.za/webmodules/common/fonts/Slabo27px/Slabo27px-Regulard41d.eot]
[mobicare.co.za/webmodules/common/fonts/Slabo27px/Slabo27px-Regular.ttf]
[mobicare.co.za/webmodules/common/fonts/Slabo13px/Slabo13px-Regulard41d.eot]
[mobicare.co.za/webmodules/common/fonts/Slabo13px/Slabo13px-Regular.ttf]
[mobicare.co.za/webmodules/common/fonts/Oswald/Oswald-Regulard41d.eot]
[mobicare.co.za/webmodules/common/fonts/Oswald/Oswald-Regular.ttf]
[mobicare.co.za/webmodules/common/fonts/Montserrat/Montserrat-Regulard41d.eot]
[mobicare.co.za/webmodules/common/fonts/Montserrat/Montserrat-Regular.ttf]
[mobicare.co.za/webmodules/common/fonts/Ubuntu/Ubuntu-Regulard41d.eot]
[mobicare.co.za/webmodules/common/fonts/Ubuntu/Ubuntu-Regular.ttf]
[mobicare.co.za/webmodules/common/fonts/NotoSans/NotoSans-Regulard41d.eot]
[mobicare.co.za/webmodules/common/fonts/NotoSans/NotoSans-Regular.ttf]
[mobicare.co.za/webmodules/common/fonts/Nunito/Nunito-Regulard41d.eot]
[mobicare.co.za/webmodules/common/fonts/Nunito/Nunito-Regular.ttf]
[mobicare.co.za/webmodules/common/fonts/PatuaOne/PatuaOne-Regulard41d.eot]
[mobicare.co.za/webmodules/common/fonts/PatuaOne/PatuaOne-Regular.ttf]
[mobicare.co.za/webmodules/common/fonts/Righteous/Righteous-Regulard41d.eot]
[mobicare.co.za/webmodules/common/fonts/Righteous/Righteous-Regular.ttf]
[mobicare.co.za/webmodules/common/fonts/Tangerine/Tangerine-Regulard41d.eot]
[mobicare.co.za/webmodules/common/fonts/Tangerine/Tangerine-Regular.ttf]
[mobicare.co.za/webmodules/common/fonts/PressStart2P/PressStart2P-Regulard41d.eot]
[mobicare.co.za/webmodules/common/fonts/PressStart2P/PressStart2P-Regular.ttf]
[mobicare.co.za/webmodules/common/fonts/Archivo Black/ArchivoBlack-Regulard41d.eot]
[mobicare.co.za/webmodules/common/fonts/Archivo Black/ArchivoBlack-Regular.ttf]
[mobicare.co.za/webmodules/common/fonts/Quattrocento/Quattrocento-Regulard41d.eot]
[mobicare.co.za/webmodules/common/fonts/Quattrocento/Quattrocento-Regular.ttf]
[mobicare.co.za/webmodules/common/fonts/Quattrocento/Quattrocento-Boldd41d.eot]
[mobicare.co.za/webmodules/common/fonts/Quattrocento/Quattrocento-Bold.ttf]
[mobicare.co.za/webmodules/common/fonts/Questrial/Questrial-Regulard41d.eot]
[mobicare.co.za/webmodules/common/fonts/Questrial/Questrial-Regular.ttf]
[mobicare.co.za/webmodules/common/fonts/Pacifico/Pacifico-Regulard41d.eot]
[mobicare.co.za/webmodules/common/fonts/Pacifico/Pacifico-Regular.ttf]
[mobicare.co.za/webmodules/common/fonts/Fjalla One/FjallaOne-Regulard41d.eot]
[mobicare.co.za/webmodules/common/fonts/Fjalla One/FjallaOne-Regular.ttf]
[mobicare.co.za/webmodules/common/fonts/Anton/Anton-Regulard41d.eot]
[mobicare.co.za/webmodules/common/fonts/Anton/Anton-Regular.ttf]
[mobicare.co.za/webmodules/common/fonts/Raleway/Raleway-thind41d.eot]
[mobicare.co.za/webmodules/common/fonts/Raleway/Raleway-thin.ttf]
[mobicare.co.za/webmodules/common/fonts/Raleway/Raleway-thinitalicd41d.eot]
[mobicare.co.za/webmodules/common/fonts/Raleway/Raleway-thinitalic.ttf]
[mobicare.co.za/webmodules/common/fonts/Raleway/Raleway-extralightd41d.eot]
[mobicare.co.za/webmodules/common/fonts/Raleway/Raleway-extralight.ttf]
[mobicare.co.za/webmodules/common/fonts/Raleway/Raleway-extralightitalicd41d.eot]
[mobicare.co.za/webmodules/common/fonts/Raleway/Raleway-extralightitalic.ttf]
[mobicare.co.za/webmodules/common/fonts/Raleway/Raleway-lightd41d.eot]
[mobicare.co.za/webmodules/common/fonts/Raleway/Raleway-light.ttf]
[mobicare.co.za/webmodules/common/fonts/Raleway/Raleway-lightitalicd41d.eot]
[mobicare.co.za/webmodules/common/fonts/Raleway/Raleway-lightitalic.ttf]
[mobicare.co.za/webmodules/common/fonts/Raleway/Raleway-regulard41d.eot]
[mobicare.co.za/webmodules/common/fonts/Raleway/Raleway-regular.ttf]
[mobicare.co.za/webmodules/common/fonts/Raleway/Raleway-italicd41d.eot]
[mobicare.co.za/webmodules/common/fonts/Raleway/Raleway-italic.ttf]
[mobicare.co.za/webmodules/common/fonts/Raleway/Raleway-mediumd41d.eot]
[mobicare.co.za/webmodules/common/fonts/Raleway/Raleway-medium.ttf]
[mobicare.co.za/webmodules/common/fonts/Raleway/Raleway-mediumitalicd41d.eot]
[mobicare.co.za/webmodules/common/fonts/Raleway/Raleway-mediumitalic.ttf]
[mobicare.co.za/webmodules/common/fonts/Raleway/Raleway-semiboldd41d.eot]
[mobicare.co.za/webmodules/common/fonts/Raleway/Raleway-semibold.ttf]
[mobicare.co.za/webmodules/common/fonts/Raleway/Raleway-semibolditalicd41d.eot]
[mobicare.co.za/webmodules/common/fonts/Raleway/Raleway-semibolditalic.ttf]
[mobicare.co.za/webmodules/common/fonts/Raleway/Raleway-boldd41d.eot]
[mobicare.co.za/webmodules/common/fonts/Raleway/Raleway-bold.ttf]
[mobicare.co.za/webmodules/common/fonts/Raleway/Raleway-bolditalicd41d.eot]
[mobicare.co.za/webmodules/common/fonts/Raleway/Raleway-bolditalic.ttf]
[mobicare.co.za/webmodules/common/fonts/Raleway/Raleway-extraboldd41d.eot]
[mobicare.co.za/webmodules/common/fonts/Raleway/Raleway-extrabold.ttf]
[mobicare.co.za/webmodules/common/fonts/Raleway/Raleway-extrabolditalicd41d.eot]
[mobicare.co.za/webmodules/common/fonts/Raleway/Raleway-extrabolditalic.ttf]
[mobicare.co.za/webmodules/common/fonts/Raleway/Raleway-blackd41d.eot]
[mobicare.co.za/webmodules/common/fonts/Raleway/Raleway-black.ttf]
[mobicare.co.za/webmodules/common/fonts/Raleway/Raleway-blackitalicd41d.eot]
[mobicare.co.za/webmodules/common/fonts/Raleway/Raleway-blackitalic.ttf]
[mobicare.co.za/webmodules/common/fonts/OpenSansCondensed/OpenSansCondensed-Boldd41d.eot]
[mobicare.co.za/webmodules/common/fonts/OpenSansCondensed/OpenSansCondensed-Bold.ttf]
[mobicare.co.za/webmodules/common/fonts/OpenSansCondensed/OpenSansCondensed-Lightd41d.eot]
[mobicare.co.za/webmodules/common/fonts/OpenSansCondensed/OpenSansCondensed-Light.ttf]
[mobicare.co.za/webmodules/common/fonts/OpenSansCondensed/OpenSansCondensed-LightItalicd41d.eot]
[mobicare.co.za/webmodules/common/fonts/OpenSansCondensed/OpenSansCondensed-LightItalic.ttf]
[mobicare.co.za/webmodules/common/fonts/IstokWeb/IstokWeb-Boldd41d.eot]
[mobicare.co.za/webmodules/common/fonts/IstokWeb/IstokWeb-Bold.ttf]
[mobicare.co.za/webmodules/common/fonts/IstokWeb/IstokWeb-BoldItalicd41d.eot]
[mobicare.co.za/webmodules/common/fonts/IstokWeb/IstokWeb-BoldItalic.ttf]
[mobicare.co.za/webmodules/common/fonts/IstokWeb/IstokWeb-Regulard41d.eot]
[mobicare.co.za/webmodules/common/fonts/IstokWeb/IstokWeb-Regular.ttf]
[mobicare.co.za/webmodules/common/fonts/IstokWeb/IstokWeb-Italicd41d.eot]
[mobicare.co.za/webmodules/common/fonts/IstokWeb/IstokWeb-Italic.ttf]
[mobicare.co.za/webmodules/common/fonts/abel/abel-regulard41d.eot]
[mobicare.co.za/webmodules/common/fonts/abel/abel-regular.ttf]
[mobicare.co.za/webmodules/common/fonts/Bulgatti/Bulgatti-regulard41d.eot]
[mobicare.co.za/webmodules/common/fonts/Bulgatti/Bulgatti-regular.ttf]
[mobicare.co.za/webmodules/common/fonts/PlayfairDisplay/PlayfairDisplay-Boldd41d.eot]
[mobicare.co.za/webmodules/common/fonts/PlayfairDisplay/PlayfairDisplay-Bold.ttf]
[mobicare.co.za/webmodules/common/fonts/PlayfairDisplay/PlayfairDisplay-BoldItalicd41d.eot]
[mobicare.co.za/webmodules/common/fonts/PlayfairDisplay/PlayfairDisplay-BoldItalic.ttf]
[mobicare.co.za/webmodules/common/fonts/PlayfairDisplay/PlayfairDisplay-Blackd41d.eot]
[mobicare.co.za/webmodules/common/fonts/PlayfairDisplay/PlayfairDisplay-Black.ttf]
[mobicare.co.za/webmodules/common/fonts/PlayfairDisplay/PlayfairDisplay-BlackItalicd41d.eot]
[mobicare.co.za/webmodules/common/fonts/PlayfairDisplay/PlayfairDisplay-BlackItalic.ttf]
[mobicare.co.za/webmodules/common/fonts/PlayfairDisplay/PlayfairDisplay-Regulard41d.eot]
[mobicare.co.za/webmodules/common/fonts/PlayfairDisplay/PlayfairDisplay-Regular.ttf]
[mobicare.co.za/webmodules/common/fonts/PlayfairDisplay/PlayfairDisplay-Italicd41d.eot]
[mobicare.co.za/webmodules/common/fonts/PlayfairDisplay/PlayfairDisplay-Italic.ttf]
[mobicare.co.za/webmodules/common/fonts/IMFELLDWPica/IMFePIrm28Pd41d.eot]
[mobicare.co.za/webmodules/common/fonts/IMFELLDWPica/IMFePIrm28P.ttf]
[mobicare.co.za/webmodules/common/fonts/Cabin/Cabin-Boldd41d.eot]
[mobicare.co.za/webmodules/common/fonts/Cabin/Cabin-Bold.ttf]
[mobicare.co.za/webmodules/common/fonts/Cabin/Cabin-BoldItalicd41d.eot]
[mobicare.co.za/webmodules/common/fonts/Cabin/Cabin-BoldItalic.ttf]
[mobicare.co.za/webmodules/common/fonts/Cabin/Cabin-SemiBoldd41d.eot]
[mobicare.co.za/webmodules/common/fonts/Cabin/Cabin-SemiBold.ttf]
[mobicare.co.za/webmodules/common/fonts/Cabin/Cabin-SemiBoldItalicd41d.eot]
[mobicare.co.za/webmodules/common/fonts/Cabin/Cabin-SemiBoldItalic.ttf]
[mobicare.co.za/webmodules/common/fonts/Cabin/Cabin-Mediumd41d.eot]
[mobicare.co.za/webmodules/common/fonts/Cabin/Cabin-Medium.ttf]
[mobicare.co.za/webmodules/common/fonts/Cabin/Cabin-MediumItalicd41d.eot]
[mobicare.co.za/webmodules/common/fonts/Cabin/Cabin-MediumItalic.ttf]
[mobicare.co.za/webmodules/common/fonts/Cabin/Cabin-Regulard41d.eot]
[mobicare.co.za/webmodules/common/fonts/Cabin/Cabin-Regular.ttf]
[mobicare.co.za/webmodules/common/fonts/Cabin/Cabin-Italicd41d.eot]
[mobicare.co.za/webmodules/common/fonts/Cabin/Cabin-Italic.ttf]
[mobicare.co.za/webmodules/common/fonts/stencil_gothic_be/StencilGothicd41d.eot]
[mobicare.co.za/webmodules/common/fonts/stencil_gothic_be/StencilGothic.ttf]
[mobicare.co.za/webmodules/common/fonts/Vintage_Avalanche/Vintage-Avalanche.otf]
[mobicare.co.za/webmodules/common/fonts/Vintage_Avalanche/Vintage-Avalanche-Black.otf]
[mobicare.co.za/webmodules/common/fonts/intro/Intro Inlined41d.eot]
[mobicare.co.za/webmodules/common/fonts/intro/Intro Inline.ttf]
[mobicare.co.za/webmodules/common/fonts/intro/Introd41d.eot]
[mobicare.co.za/webmodules/common/fonts/intro/Intro.ttf]
[mobicare.co.za/webmodules/common/fonts/robo/robocondensed-Lightd41d.eot]
[mobicare.co.za/webmodules/common/fonts/robo/robocondensed-Light.ttf]
[mobicare.co.za/webmodules/common/fonts/robo/robocondensed-LightItalicd41d.eot]
[mobicare.co.za/webmodules/common/fonts/robo/robocondensed-LightItalic.ttf]
[mobicare.co.za/webmodules/common/fonts/robo/robocondensed-Boldd41d.eot]
[mobicare.co.za/webmodules/common/fonts/robo/robocondensed-Bold.ttf]
[mobicare.co.za/webmodules/common/fonts/robo/robocondensed-BoldItalicd41d.eot]
[mobicare.co.za/webmodules/common/fonts/robo/robocondensed-BoldItalic.ttf]
[mobicare.co.za/webmodules/common/fonts/robo/robocondensed-Regulard41d.eot]
[mobicare.co.za/webmodules/common/fonts/robo/robocondensed-Regular.ttf]
[mobicare.co.za/webmodules/common/fonts/robo/robocondensed-Italicd41d.eot]
[mobicare.co.za/webmodules/common/fonts/robo/robocondensed-Italic.ttf]
[mobicare.co.za/webmodules/common/fonts/robo/robo-Boldd41d.eot]
[mobicare.co.za/webmodules/common/fonts/robo/robo-Bold.ttf]
[mobicare.co.za/webmodules/common/fonts/robo/robo-BoldItalicd41d.eot]
[mobicare.co.za/webmodules/common/fonts/robo/robo-BoldItalic.ttf]
[mobicare.co.za/webmodules/common/fonts/robo/robo-Blackd41d.eot]
[mobicare.co.za/webmodules/common/fonts/robo/robo-Black.ttf]
[mobicare.co.za/webmodules/common/fonts/robo/robo-BlackItalicd41d.eot]
[mobicare.co.za/webmodules/common/fonts/robo/robo-BlackItalic.ttf]
[mobicare.co.za/webmodules/common/fonts/robo/robo-regulard41d.eot]
[mobicare.co.za/webmodules/common/fonts/robo/robo-regular.ttf]
[mobicare.co.za/webmodules/common/fonts/robo/robo-italicd41d.eot]
[mobicare.co.za/webmodules/common/fonts/robo/robo-italic.ttf]
[mobicare.co.za/webmodules/common/fonts/robo/robo-mediumd41d.eot]
[mobicare.co.za/webmodules/common/fonts/robo/robo-medium.ttf]
[mobicare.co.za/webmodules/common/fonts/robo/robo-mediumitalicd41d.eot]
[mobicare.co.za/webmodules/common/fonts/robo/robo-mediumitalic.ttf]
[mobicare.co.za/webmodules/common/fonts/robo/robo-thind41d.eot]
[mobicare.co.za/webmodules/common/fonts/robo/robo-thin.ttf]
[mobicare.co.za/webmodules/common/fonts/robo/robo-thinitalicd41d.eot]
[mobicare.co.za/webmodules/common/fonts/robo/robo-thinitalic.ttf]
[mobicare.co.za/webmodules/common/fonts/robo/robo-lightd41d.eot]
[mobicare.co.za/webmodules/common/fonts/robo/robo-light.ttf]
[mobicare.co.za/webmodules/common/fonts/robo/robo-lightitalicd41d.eot]
[mobicare.co.za/webmodules/common/fonts/robo/robo-lightitalic.ttf]
[mobicare.co.za/webmodules/common/fonts/opensans/opensans-regulard41d.eot]
[mobicare.co.za/webmodules/common/fonts/opensans/opensans-regular.ttf]
[mobicare.co.za/webmodules/common/fonts/opensans/opensans-italicd41d.eot]
[mobicare.co.za/webmodules/common/fonts/opensans/opensans-italic.ttf]
[mobicare.co.za/webmodules/common/fonts/opensans/opensans-lightd41d.eot]
[mobicare.co.za/webmodules/common/fonts/opensans/opensans-light.ttf]
[mobicare.co.za/webmodules/common/fonts/opensans/opensans-lightitalicd41d.eot]
[mobicare.co.za/webmodules/common/fonts/opensans/opensans-lightitalic.ttf]
[mobicare.co.za/webmodules/common/fonts/opensans/opensans-semiboldd41d.eot]
[mobicare.co.za/webmodules/common/fonts/opensans/opensans-semibold.ttf]
[mobicare.co.za/webmodules/common/fonts/opensans/opensans-semibolditalicd41d.eot]
[mobicare.co.za/webmodules/common/fonts/opensans/opensans-semibolditalic.ttf]
[mobicare.co.za/webmodules/common/fonts/opensans/opensans-boldd41d.eot]
[mobicare.co.za/webmodules/common/fonts/opensans/opensans-bold.ttf]
[mobicare.co.za/webmodules/common/fonts/opensans/opensans-bolditalicd41d.eot]
[mobicare.co.za/webmodules/common/fonts/opensans/opensans-bolditalic.ttf]
[mobicare.co.za/webmodules/common/fonts/opensans/opensans-extraboldd41d.eot]
[mobicare.co.za/webmodules/common/fonts/opensans/opensans-extrabold.ttf]
[mobicare.co.za/webmodules/common/fonts/opensans/opensans-extrabolditalicd41d.eot]
[mobicare.co.za/webmodules/common/fonts/opensans/opensans-extrabolditalic.ttf]
[mobicare.co.za/webmodules/common/fonts/Blanch/Blanchd41d.eot]
[mobicare.co.za/webmodules/common/fonts/Blanch/Blanch.ttf]
[mobicare.co.za/webmodules/common/fonts/alexbrush/alexbrush-regulard41d.eot]
[mobicare.co.za/webmodules/common/fonts/alexbrush/alexbrush-regular.ttf]
[mobicare.co.za/webmodules/common/fonts/corbel/corbel-regulard41d.eot]
[mobicare.co.za/webmodules/common/fonts/corbel/corbel-regular.ttf]
[mobicare.co.za/webmodules/common/fonts/corbel/corbel-boldd41d.eot]
[mobicare.co.za/webmodules/common/fonts/corbel/corbel-bold.ttf]
[mobicare.co.za/webmodules/common/fonts/corbel/corbel-bolditalicd41d.eot]
[mobicare.co.za/webmodules/common/fonts/corbel/corbel-bolditalic.ttf]
[mobicare.co.za/webmodules/common/fonts/corbel/corbel-italicd41d.eot]
[mobicare.co.za/webmodules/common/fonts/corbel/corbel-italic.ttf]
[mobicare.co.za/webmodules/common/fonts/Rajdhani/Rajdhani-Boldd41d.eot]
[mobicare.co.za/webmodules/common/fonts/Rajdhani/Rajdhani-Bold.ttf]
[mobicare.co.za/webmodules/common/fonts/Rajdhani/Rajdhani-lightd41d.eot]
[mobicare.co.za/webmodules/common/fonts/Rajdhani/Rajdhani-light.ttf]
[mobicare.co.za/webmodules/common/fonts/Rajdhani/Rajdhani-mediumd41d.eot]
[mobicare.co.za/webmodules/common/fonts/Rajdhani/Rajdhani-medium.ttf]
[mobicare.co.za/webmodules/common/fonts/Rajdhani/Rajdhani-semiboldd41d.eot]
[mobicare.co.za/webmodules/common/fonts/Rajdhani/Rajdhani-semibold.ttf]
[mobicare.co.za/webmodules/common/fonts/Rajdhani/Rajdhani-regulard41d.eot]
[mobicare.co.za/webmodules/common/fonts/Rajdhani/Rajdhani-regular.ttf]
[mobicare.co.za/WebModules/Website-Resources/CSS/basic.css]
[mobicare.co.za/_WebModuleData/SiteBuilder/CurrentLayout/CustomResponse/Basic-about-us.css]
[mobicare.co.za/WebModules/Common/js/fancybox.js]
[mobicare.co.za/webmodules/common/js/ua-parser.min.js]
[mobicare.co.za/WebModules/Website-Resources/JS/Responsive25bd.js]
[mobicare.co.za/WebModules/PageManager/LayoutManager/Layouts/Transpire/effects25bd.js]
[mobicare.co.za/webmodules/popups/onsite/css/popups515e.css]
[mobicare.co.za/webmodules/popups/onsite/js/popups515e.js]
[mobicare.co.za/_WebModuleData/SiteBuilder/CurrentLayout/Analytics.js]
[mobicare.co.za/WebModules/menus/Slice/H/Menu25bd.css]
[mobicare.co.za/WebModules/menus/Slice/H/Menu25bd.js]
[mobicare.co.za/WebModules/WebsiteStatistics/js/KAnalytics25bd.js]
[mobicare.co.za/Default.html]
[mobicare.co.za/WebModules/Common/css/images/fancybox_sprite.png]
[mobicare.co.za/WebModules/Common/css/images/fancybox_loading.gif]
[mobicare.co.za/WebModules/Common/css/images/blank.gif]
[mobicare.co.za/WebModules/Common/css/images/fancybox_overlay.png]
[mobicare.co.za/WebModules/Common/css/images/fancybox_sprite@2x.png]
[mobicare.co.za/WebModules/Common/css/images/fancybox_loading@2x.gif]
[mobicare.co.za/WebModules/Common/css/fancybox25bd.css]
[mobicare.co.za/WebModules/Website-Resources/Css/Responsive-custom25bd.css]
[mobicare.co.za/WebModules/PageManager/LayoutManager/Layouts/Transpire/Home-Responsive25bd.css]
[mobicare.co.za/WebModules/PageManager/LayoutManager/Layouts/Transpire/Home-Responsive-Mobile25bd.css]
[mobicare.co.za/WebModules/PageManager/LayoutManager/Layouts/Transpire/Home-Page25bd.css]
[mobicare.co.za/_WebModuleData/SiteBuilder/CurrentLayout/theme25bd.css]
[mobicare.co.za/webmodules/popups/onsite/css/popupsfd5d.css]
[mobicare.co.za/webmodules/popups/onsite/js/popupsfd5d.js]
[mobicare.co.za/_webmoduledata/videos/loaders/200w (3.html]
[mobicare.co.za/webmodules/popups/onsite/css/popups3370.css]
[mobicare.co.za/webmodules/popups/onsite/js/popups3370.js]
[mobicare.co.za/index.html]
[mobicare.co.za/WebModules/Website-Resources/Css/Responsive-Custom25bd-2.css]
[mobicare.co.za/WebModules/PageManager/LayoutManager/Layouts/Horizon/home-Responsive25bd.css]
[mobicare.co.za/WebModules/PageManager/LayoutManager/Layouts/Horizon/home-Responsive-Mobile25bd.css]
[mobicare.co.za/WebModules/PageManager/LayoutManager/Layouts/Horizon/home-Page25bd.css]
[mobicare.co.za/webmodules/common/css/slick.css]
[mobicare.co.za/webmodules/common/css/slick-theme.css]
[mobicare.co.za/webmodules/common/js/slick.js]
[mobicare.co.za/webmodules/common/js/MaxiSliderEffects.js]
[mobicare.co.za/_Webmoduledata/Images/Thumb/IMG_4362-min.jpg]
[mobicare.co.za/_Webmoduledata/Images/Thumb/IMG_4377-min.jpg]
[mobicare.co.za/_Webmoduledata/Images/Thumb/IMG_4381-min.jpg]
[mobicare.co.za/_Webmoduledata/Images/Thumb/IMG_4276-min.jpg]
[mobicare.co.za/_Webmoduledata/Images/Thumb/MobiCare 1.jpg]
[mobicare.co.za/WebModules/PageManager/LayoutManager/Layouts/Horizon/effects25bd.js]
[mobicare.co.za/webmodules/popups/onsite/css/popups5834.css]
[mobicare.co.za/webmodules/popups/onsite/js/popups5834.js]
[mobicare.co.za/webmodules/MenuEditor/Onsite/botnav.css]
[mobicare.co.za/webmodules/MenuEditor/Onsite/botnav.js]
[mobicare.co.za/webmodules/MenuEditor/Onsite/magnific-popup.css]
[mobicare.co.za/webmodules/MenuEditor/Onsite/jquery.magnific-popup.min.js]
[mobicare.co.za/Pages/Medical.html]
[mobicare.co.za/WebModules/Website-Resources/Css/Responsive25bd.css]
[mobicare.co.za/WebModules/PageManager/LayoutManager/Layouts/Basic/contact-Responsive25bd.css]
[mobicare.co.za/WebModules/PageManager/LayoutManager/Layouts/Basic/contact-Responsive-Mobile25bd.css]
[mobicare.co.za/WebModules/PageManager/LayoutManager/Layouts/Basic/contact-Page25bd.css]
[mobicare.co.za/_Webmoduledata/Images/Thumb/about mobi.png]
[mobicare.co.za/WebModules/PageManager/LayoutManager/Layouts/Basic/effects25bd.js]
[mobicare.co.za/webmodules/popups/onsite/css/popupse1e4.css]
[mobicare.co.za/webmodules/popups/onsite/js/popupse1e4.js]
[mobicare.co.za/Pages/About.html]
[mobicare.co.za/_Webmoduledata/Images/Thumb/services mobi.png]
[mobicare.co.za/webmodules/common/js/izimodal.js]
[mobicare.co.za/webmodules/productminicatalog/onsite/minicatalogimg.js]
[mobicare.co.za/webmodules/common/css/izimodal.css]
[mobicare.co.za/webmodules/ProductMiniCatalog/Onsite/MiniCatalog.css]
[mobicare.co.za/webmodules/common/js/zoom.js]
[mobicare.co.za/webmodules/popups/onsite/css/popupse07b.css]
[mobicare.co.za/webmodules/popups/onsite/js/popupse07b.js]
[mobicare.co.za/Pages/Services.html]
[mobicare.co.za/_Webmoduledata/Images/Thumb/contact mobi.png]
[mobicare.co.za/Webmodules/Common/css/jquery-ui25bd.css]
[mobicare.co.za/WebModules/ContactFormLite/css/cflite25bd.css]
[mobicare.co.za/WebModules/ContactFormLite/Onsite/cflite25bd.js]
[mobicare.co.za/Webmodules/Common/js/jquery-ui.min25bd.js]
[mobicare.co.za/webmodules/popups/onsite/css/popups3624.css]
[mobicare.co.za/webmodules/popups/onsite/js/popups3624.js]
[mobicare.co.za/Pages/Contact.html]
[mobicare.co.za/WebModules/Website-Resources/css/TheLoaders25bd.css]
[mobicare.co.za/WebModules/Website-Resources/CSS/basic.css]
[mobicare.co.za/_WebModuleData/SiteBuilder/CurrentLayout/CustomResponse/Basic-about-us.css]
[mobicare.co.za/webmodules/popups/onsite/css/popups515e.css]
[mobicare.co.za/WebModules/menus/Slice/H/Menu25bd.css]
[mobicare.co.za/webmodules/popups/onsite/css/popupsfd5d.css]
[mobicare.co.za/webmodules/popups/onsite/css/popups3370.css]
[mobicare.co.za/WebModules/Website-Resources/Css/Responsive-Custom25bd-2.css]
[mobicare.co.za/WebModules/PageManager/LayoutManager/Layouts/Horizon/home-Responsive25bd.css]
[mobicare.co.za/WebModules/PageManager/LayoutManager/Layouts/Horizon/home-Responsive-Mobile25bd.css]
[mobicare.co.za/WebModules/PageManager/LayoutManager/Layouts/Horizon/home-Page25bd.css]
[mobicare.co.za/webmodules/common/css/slick.css]
[mobicare.co.za/webmodules/common/css/ajax-loader.html]
[mobicare.co.za/webmodules/common/css/fonts/slick.html]
[mobicare.co.za/webmodules/common/css/fonts/slickd41d.html]
[mobicare.co.za/webmodules/common/css/fonts/slick-2.html]
[mobicare.co.za/webmodules/common/css/fonts/slick-3.html]
[mobicare.co.za/webmodules/common/css/fonts/slick-4.html]
[mobicare.co.za/webmodules/common/css/slick-theme.css]
[mobicare.co.za/webmodules/popups/onsite/css/popups5834.css]
[mobicare.co.za/webmodules/MenuEditor/Onsite/botnav.css]
[mobicare.co.za/webmodules/MenuEditor/Onsite/magnific-popup.css]
[mobicare.co.za/WebModules/Website-Resources/Css/Responsive25bd.css]
[mobicare.co.za/WebModules/PageManager/LayoutManager/Layouts/Basic/contact-Responsive25bd.css]
[mobicare.co.za/WebModules/PageManager/LayoutManager/Layouts/Basic/contact-Responsive-Mobile25bd.css]
[mobicare.co.za/WebModules/PageManager/LayoutManager/Layouts/Basic/contact-Page25bd.css]
[mobicare.co.za/webmodules/popups/onsite/css/popupse1e4.css]
[mobicare.co.za/webmodules/common/css/izimodal.css]
[mobicare.co.za/webmodules/ProductMiniCatalog/Onsite/MiniCatalog.css]
[mobicare.co.za/webmodules/popups/onsite/css/popupse07b.css]
[mobicare.co.za/Webmodules/Common/css/images/ui-icons_444444_256x240.png]
[mobicare.co.za/Webmodules/Common/css/images/ui-icons_555555_256x240.png]
[mobicare.co.za/Webmodules/Common/css/images/ui-icons_ffffff_256x240.png]
[mobicare.co.za/Webmodules/Common/css/images/ui-icons_777620_256x240.png]
[mobicare.co.za/Webmodules/Common/css/images/ui-icons_cc0000_256x240.png]
[mobicare.co.za/Webmodules/Common/css/images/ui-icons_777777_256x240.png]
[mobicare.co.za/Webmodules/Common/css/jquery-ui25bd.css]
[mobicare.co.za/webmodules/images/icons/Symbol-Delete.png]
[mobicare.co.za/WebModules/ContactFormLite/css/cflite25bd.css]
[mobicare.co.za/webmodules/popups/onsite/css/popups3624.css]
[mobicare.co.za/webmodules/popups/onsite/css/popups28b4.css]
[mobicare.co.za/webmodules/popups/onsite/js/popups28b4.js]
[mobicare.co.za/webmodules/common/css/ajax-loader.html]
[mobicare.co.za/webmodules/popups/onsite/css/popups7b87.css]
[mobicare.co.za/webmodules/popups/onsite/js/popups7b87.js]
[mobicare.co.za/webmodules/common/css/fonts/slick.html]
[mobicare.co.za/webmodules/common/css/fonts/slickd41d.html]
[mobicare.co.za/webmodules/popups/onsite/css/popups1e2e.css]
[mobicare.co.za/webmodules/popups/onsite/js/popups1e2e.js]
[mobicare.co.za/webmodules/common/css/fonts/slick-2.html]
[mobicare.co.za/webmodules/popups/onsite/css/popups0e36.css]
[mobicare.co.za/webmodules/popups/onsite/js/popups0e36.js]
[mobicare.co.za/webmodules/common/css/fonts/slick-3.html]
[mobicare.co.za/webmodules/popups/onsite/css/popupsdb86.css]
[mobicare.co.za/webmodules/popups/onsite/js/popupsdb86.js]
[mobicare.co.za/webmodules/common/css/fonts/slick-4.html]
[mobicare.co.za/webmodules/popups/onsite/css/popups28b4.css]
[mobicare.co.za/webmodules/popups/onsite/css/popups7b87.css]
[mobicare.co.za/webmodules/popups/onsite/css/popups1e2e.css]
[mobicare.co.za/webmodules/popups/onsite/css/popups0e36.css]
[mobicare.co.za/webmodules/popups/onsite/css/popupsdb86.css]
